/files1/Zilong/miniconda3/envs/acoustic-addrsc/lib/python3.10/site-packages/torch/nn/utils/weight_norm.py:28: UserWarning: torch.nn.utils.weight_norm is deprecated in favor of torch.nn.utils.parametrizations.weight_norm.
  warnings.warn("torch.nn.utils.weight_norm is deprecated in favor of torch.nn.utils.parametrizations.weight_norm.")
/files1/Zilong/miniconda3/envs/acoustic-addrsc/lib/python3.10/site-packages/torch/nn/utils/weight_norm.py:28: UserWarning: torch.nn.utils.weight_norm is deprecated in favor of torch.nn.utils.parametrizations.weight_norm.
  warnings.warn("torch.nn.utils.weight_norm is deprecated in favor of torch.nn.utils.parametrizations.weight_norm.")
/files1/Zilong/miniconda3/envs/acoustic-addrsc/lib/python3.10/site-packages/torch/nn/utils/weight_norm.py:28: UserWarning: torch.nn.utils.weight_norm is deprecated in favor of torch.nn.utils.parametrizations.weight_norm.
  warnings.warn("torch.nn.utils.weight_norm is deprecated in favor of torch.nn.utils.parametrizations.weight_norm.")
{
  "status": "complete_native_only_fixed_head_external_posthoc_three_seed",
  "seeds": [
    0,
    1,
    42
  ],
  "n": 3,
  "sample_sd_ddof": 1,
  "hf_cas_auroc": {
    "n": 3,
    "mean": 0.8162029275871938,
    "sample_sd": 0.0368896049561305,
    "values": [
      0.8316024042196509,
      0.774108639653269,
      0.8428977388886617
    ]
  },
  "kauh_patient_ba": {
    "n": 3,
    "mean": 0.7559290382819794,
    "sample_sd": 0.05618766475963971,
    "values": [
      0.7207282913165266,
      0.8207282913165266,
      0.7263305322128851
    ]
  },
  "support": {
    "hf": [
      {
        "support": 957,
        "positive": 661,
        "negative": 296
      },
      {
        "support": 957,
        "positive": 661,
        "negative": 296
      },
      {
        "support": 957,
        "positive": 661,
        "negative": 296
      }
    ],
    "kauh_compatible_patients": [
      86,
      86,
      86
    ]
  },
  "per_seed": [
    {
      "checkpoint": "/files1/Zilong/Acoustic/result/reproduce/pafa_joint_hierarchy/LSAA_ATTRIBUTION_20260918/native_only/seed_0/best_checkpoint.pt",
      "hf_cas": {
        "hf_cas_auroc": 0.8316024042196509,
        "negative": 296,
        "positive": 661,
        "score_source": "ICBHI native softmax P(Wheeze)+P(Both), maximum over three windows",
        "semantic_limit": "fixed ranking proxy for CAS union; not a trained CAS/Rhonchi/Stridor head",
        "support": 957
      },
      "kauh_patient": {
        "average_score": 0.7207282913165266,
        "confusion": [
          [
            23,
            12
          ],
          [
            11,
            40
          ]
        ],
        "harmonic_score": 0.7151185386708122,
        "icbhi_score": 0.7207282913165266,
        "kauh_patient_ba": 0.7207282913165266,
        "macro_f1": 0.7216828478964401,
        "per_class": {
          "abnormal": {
            "f1": 0.7766990291262136,
            "precision": 0.7692307692307693,
            "recall": 0.7843137254901961,
            "support": 51
          },
          "normal": {
            "f1": 0.6666666666666666,
            "precision": 0.6764705882352942,
            "recall": 0.6571428571428571,
            "support": 35
          }
        },
        "rows": 86,
        "scale": "fraction_0_to_1",
        "score_source": "mean over B/D/E of 1-P(Normal) from ICBHI native softmax",
        "sensitivity": 0.7843137254901961,
        "specificity": 0.6571428571428571,
        "threshold": 0.5,
        "tie_policy": "score == 0.5 predicts Normal",
        "uar": 0.7207282913165266
      },
      "outputs": {
        "hf_recording_label_free": "/files1/Zilong/Acoustic/result/reproduce/pafa_joint_hierarchy/LSAA_ATTRIBUTION_20260918/native_only_external_posthoc/seed_0/hf_recording_predictions_label_free.npz",
        "hf_recording_scored": "/files1/Zilong/Acoustic/result/reproduce/pafa_joint_hierarchy/LSAA_ATTRIBUTION_20260918/native_only_external_posthoc/seed_0/hf_recording_predictions_scored.npz",
        "hf_windows_label_free": "/files1/Zilong/Acoustic/result/reproduce/pafa_joint_hierarchy/LSAA_ATTRIBUTION_20260918/native_only_external_posthoc/seed_0/hf_window_predictions_label_free.npz",
        "kauh_patients_label_free": "/files1/Zilong/Acoustic/result/reproduce/pafa_joint_hierarchy/LSAA_ATTRIBUTION_20260918/native_only_external_posthoc/seed_0/kauh_patient_predictions_label_free.npz",
        "kauh_patients_scored": "/files1/Zilong/Acoustic/result/reproduce/pafa_joint_hierarchy/LSAA_ATTRIBUTION_20260918/native_only_external_posthoc/seed_0/kauh_patient_predictions_scored.npz",
        "kauh_views_label_free": "/files1/Zilong/Acoustic/result/reproduce/pafa_joint_hierarchy/LSAA_ATTRIBUTION_20260918/native_only_external_posthoc/seed_0/kauh_view_predictions_label_free.npz",
        "kauh_views_scored": "/files1/Zilong/Acoustic/result/reproduce/pafa_joint_hierarchy/LSAA_ATTRIBUTION_20260918/native_only_external_posthoc/seed_0/kauh_view_predictions_scored.npz"
      },
      "seed": 0,
      "selected_epoch": 23,
      "source_run": "/files1/Zilong/Acoustic/result/reproduce/pafa_joint_hierarchy/LSAA_ATTRIBUTION_20260918/native_only/seed_0",
      "status": "complete_native_only_fixed_head_external_posthoc",
      "zero_target_boundary": {
        "labels_loaded_after_label_free_prediction_write": true,
        "target_selection": false,
        "target_threshold_fit": false,
        "target_training": false
      }
    },
    {
      "checkpoint": "/files1/Zilong/Acoustic/result/reproduce/pafa_joint_hierarchy/LSAA_ATTRIBUTION_20260918/native_only/seed_1/best_checkpoint.pt",
      "hf_cas": {
        "hf_cas_auroc": 0.774108639653269,
        "negative": 296,
        "positive": 661,
        "score_source": "ICBHI native softmax P(Wheeze)+P(Both), maximum over three windows",
        "semantic_limit": "fixed ranking proxy for CAS union; not a trained CAS/Rhonchi/Stridor head",
        "support": 957
      },
      "kauh_patient": {
        "average_score": 0.8207282913165266,
        "confusion": [
          [
            30,
            5
          ],
          [
            11,
            40
          ]
        ],
        "harmonic_score": 0.8191126279863481,
        "icbhi_score": 0.8207282913165266,
        "kauh_patient_ba": 0.8207282913165266,
        "macro_f1": 0.8114035087719298,
        "per_class": {
          "abnormal": {
            "f1": 0.8333333333333334,
            "precision": 0.8888888888888888,
            "recall": 0.7843137254901961,
            "support": 51
          },
          "normal": {
            "f1": 0.7894736842105263,
            "precision": 0.7317073170731707,
            "recall": 0.8571428571428571,
            "support": 35
          }
        },
        "rows": 86,
        "scale": "fraction_0_to_1",
        "score_source": "mean over B/D/E of 1-P(Normal) from ICBHI native softmax",
        "sensitivity": 0.7843137254901961,
        "specificity": 0.8571428571428571,
        "threshold": 0.5,
        "tie_policy": "score == 0.5 predicts Normal",
        "uar": 0.8207282913165266
      },
      "outputs": {
        "hf_recording_label_free": "/files1/Zilong/Acoustic/result/reproduce/pafa_joint_hierarchy/LSAA_ATTRIBUTION_20260918/native_only_external_posthoc/seed_1/hf_recording_predictions_label_free.npz",
        "hf_recording_scored": "/files1/Zilong/Acoustic/result/reproduce/pafa_joint_hierarchy/LSAA_ATTRIBUTION_20260918/native_only_external_posthoc/seed_1/hf_recording_predictions_scored.npz",
        "hf_windows_label_free": "/files1/Zilong/Acoustic/result/reproduce/pafa_joint_hierarchy/LSAA_ATTRIBUTION_20260918/native_only_external_posthoc/seed_1/hf_window_predictions_label_free.npz",
        "kauh_patients_label_free": "/files1/Zilong/Acoustic/result/reproduce/pafa_joint_hierarchy/LSAA_ATTRIBUTION_20260918/native_only_external_posthoc/seed_1/kauh_patient_predictions_label_free.npz",
        "kauh_patients_scored": "/files1/Zilong/Acoustic/result/reproduce/pafa_joint_hierarchy/LSAA_ATTRIBUTION_20260918/native_only_external_posthoc/seed_1/kauh_patient_predictions_scored.npz",
        "kauh_views_label_free": "/files1/Zilong/Acoustic/result/reproduce/pafa_joint_hierarchy/LSAA_ATTRIBUTION_20260918/native_only_external_posthoc/seed_1/kauh_view_predictions_label_free.npz",
        "kauh_views_scored": "/files1/Zilong/Acoustic/result/reproduce/pafa_joint_hierarchy/LSAA_ATTRIBUTION_20260918/native_only_external_posthoc/seed_1/kauh_view_predictions_scored.npz"
      },
      "seed": 1,
      "selected_epoch": 15,
      "source_run": "/files1/Zilong/Acoustic/result/reproduce/pafa_joint_hierarchy/LSAA_ATTRIBUTION_20260918/native_only/seed_1",
      "status": "complete_native_only_fixed_head_external_posthoc",
      "zero_target_boundary": {
        "labels_loaded_after_label_free_prediction_write": true,
        "target_selection": false,
        "target_threshold_fit": false,
        "target_training": false
      }
    },
    {
      "checkpoint": "/files1/Zilong/Acoustic/result/reproduce/pafa_joint_hierarchy/LSAA_ATTRIBUTION_20260918/native_only/seed_42/best_checkpoint.pt",
      "hf_cas": {
        "hf_cas_auroc": 0.8428977388886617,
        "negative": 296,
        "positive": 661,
        "score_source": "ICBHI native softmax P(Wheeze)+P(Both), maximum over three windows",
        "semantic_limit": "fixed ranking proxy for CAS union; not a trained CAS/Rhonchi/Stridor head",
        "support": 957
      },
      "kauh_patient": {
        "average_score": 0.7263305322128851,
        "confusion": [
          [
            33,
            2
          ],
          [
            25,
            26
          ]
        ],
        "harmonic_score": 0.6617817200154261,
        "icbhi_score": 0.7263305322128851,
        "kauh_patient_ba": 0.7263305322128851,
        "macro_f1": 0.6839526337280523,
        "per_class": {
          "abnormal": {
            "f1": 0.6582278481012658,
            "precision": 0.9285714285714286,
            "recall": 0.5098039215686274,
            "support": 51
          },
          "normal": {
            "f1": 0.7096774193548387,
            "precision": 0.5689655172413793,
            "recall": 0.9428571428571428,
            "support": 35
          }
        },
        "rows": 86,
        "scale": "fraction_0_to_1",
        "score_source": "mean over B/D/E of 1-P(Normal) from ICBHI native softmax",
        "sensitivity": 0.5098039215686274,
        "specificity": 0.9428571428571428,
        "threshold": 0.5,
        "tie_policy": "score == 0.5 predicts Normal",
        "uar": 0.7263305322128851
      },
      "outputs": {
        "hf_recording_label_free": "/files1/Zilong/Acoustic/result/reproduce/pafa_joint_hierarchy/LSAA_ATTRIBUTION_20260918/native_only_external_posthoc/seed_42/hf_recording_predictions_label_free.npz",
        "hf_recording_scored": "/files1/Zilong/Acoustic/result/reproduce/pafa_joint_hierarchy/LSAA_ATTRIBUTION_20260918/native_only_external_posthoc/seed_42/hf_recording_predictions_scored.npz",
        "hf_windows_label_free": "/files1/Zilong/Acoustic/result/reproduce/pafa_joint_hierarchy/LSAA_ATTRIBUTION_20260918/native_only_external_posthoc/seed_42/hf_window_predictions_label_free.npz",
        "kauh_patients_label_free": "/files1/Zilong/Acoustic/result/reproduce/pafa_joint_hierarchy/LSAA_ATTRIBUTION_20260918/native_only_external_posthoc/seed_42/kauh_patient_predictions_label_free.npz",
        "kauh_patients_scored": "/files1/Zilong/Acoustic/result/reproduce/pafa_joint_hierarchy/LSAA_ATTRIBUTION_20260918/native_only_external_posthoc/seed_42/kauh_patient_predictions_scored.npz",
        "kauh_views_label_free": "/files1/Zilong/Acoustic/result/reproduce/pafa_joint_hierarchy/LSAA_ATTRIBUTION_20260918/native_only_external_posthoc/seed_42/kauh_view_predictions_label_free.npz",
        "kauh_views_scored": "/files1/Zilong/Acoustic/result/reproduce/pafa_joint_hierarchy/LSAA_ATTRIBUTION_20260918/native_only_external_posthoc/seed_42/kauh_view_predictions_scored.npz"
      },
      "seed": 42,
      "selected_epoch": 16,
      "source_run": "/files1/Zilong/Acoustic/result/reproduce/pafa_joint_hierarchy/LSAA_ATTRIBUTION_20260918/native_only/seed_42",
      "status": "complete_native_only_fixed_head_external_posthoc",
      "zero_target_boundary": {
        "labels_loaded_after_label_free_prediction_write": true,
        "target_selection": false,
        "target_threshold_fit": false,
        "target_training": false
      }
    }
  ],
  "boundary": "separate fixed-head zero-target post-hoc; does not modify Native-only training, selection, native predictions, thresholds, or primary summary"
}
